// Jest Snapshot v1, https://goo.gl/fbAQLP

exports[`should render expenseListItem with fixture data 1`] = `
<div>
  <Link
    to="/edit/1"
  >
    <h3>
      Gum
    </h3>
  </Link>
  <p>
    NT
    $100.00
    __
    Jan 1st, 1970
  </p>
</div>
`;
