// Jest Snapshot v1, https://goo.gl/fbAQLP

exports[`should render LoadingPage correctly 1`] = `
<div
  className="loader"
>
  <img
    className="loader__image"
    src="/image/Loading.gif"
  />
  <p
    className="loader__title"
  >
    LOADING ...
  </p>
</div>
`;
