// Jest Snapshot v1, https://goo.gl/fbAQLP

exports[`should render NotFoundpage correctly 1`] = `
<div>
  404 
  <Link
    to="/"
  >
    Go back to HomePage
  </Link>
</div>
`;
